2025-11-26 10:39:01 | INFO     | emotion_detector | Background emotion monitoring started
2025-11-26 10:39:01 | INFO     | app | Background emotion monitor started
2025-11-26 10:39:01 | INFO     | conversation_memory | Database initialized successfully
2025-11-26 10:39:01 | INFO     | app | Database and audio directory initialized
2025-11-26 10:39:01 | INFO     | app | ROOMie Backend v3.0 starting...
2025-11-26 10:39:01 | INFO     | app | Server: http://127.0.0.1:5000
2025-11-26 10:39:01 | INFO     | app | WebSocket: ws://127.0.0.1:5000
2025-11-26 10:39:07 | INFO     | emotion_detector | Detected emotion: sad (confidence: 0.63)
2025-11-26 10:39:12 | INFO     | emotion_detector | Background emotion monitoring started
2025-11-26 10:39:12 | INFO     | app | Background emotion monitor started
2025-11-26 10:39:12 | INFO     | conversation_memory | Database initialized successfully
2025-11-26 10:39:12 | INFO     | app | Database and audio directory initialized
2025-11-26 10:39:12 | INFO     | app | ROOMie Backend v3.0 starting...
2025-11-26 10:39:12 | INFO     | app | Server: http://127.0.0.1:5000
2025-11-26 10:39:12 | INFO     | app | WebSocket: ws://127.0.0.1:5000
2025-11-26 10:39:14 | INFO     | emotion_detector | Detected emotion: neutral (confidence: 0.57)
2025-11-26 10:39:17 | INFO     | emotion_detector | Detected emotion: neutral (confidence: 0.98)
2025-11-26 10:39:21 | INFO     | emotion_detector | Detected emotion: happy (confidence: 0.80)
2025-11-26 10:39:24 | INFO     | emotion_detector | Detected emotion: happy (confidence: 0.48)
2025-11-26 10:39:27 | INFO     | emotion_detector | Detected emotion: angry (confidence: 0.87)
2025-11-26 10:39:30 | INFO     | emotion_detector | Detected emotion: angry (confidence: 0.56)
2025-11-26 10:39:34 | INFO     | emotion_detector | Detected emotion: angry (confidence: 0.95)
2025-11-26 10:39:37 | INFO     | emotion_detector | Detected emotion: angry (confidence: 0.89)
2025-11-26 10:39:41 | INFO     | emotion_detector | Detected emotion: sad (confidence: 0.39)
2025-11-26 10:39:43 | INFO     | emotion_detector | Detected emotion: angry (confidence: 0.67)
2025-11-26 10:39:47 | INFO     | emotion_detector | Detected emotion: angry (confidence: 0.64)
2025-11-26 10:39:50 | INFO     | emotion_detector | Detected emotion: angry (confidence: 0.72)
2025-11-26 10:39:54 | INFO     | emotion_detector | Detected emotion: angry (confidence: 0.77)
2025-11-26 10:39:56 | INFO     | emotion_detector | Detected emotion: angry (confidence: 0.92)
2025-11-26 10:40:01 | INFO     | emotion_detector | Detected emotion: angry (confidence: 0.52)
2025-11-26 10:40:03 | INFO     | emotion_detector | Detected emotion: sad (confidence: 0.34)
2025-11-26 10:40:08 | INFO     | emotion_detector | Detected emotion: happy (confidence: 0.87)
2025-11-26 10:40:09 | INFO     | emotion_detector | Detected emotion: angry (confidence: 0.94)
2025-11-26 10:40:14 | INFO     | emotion_detector | Detected emotion: neutral (confidence: 0.78)
2025-11-26 10:40:15 | INFO     | emotion_detector | Detected emotion: sad (confidence: 0.68)
2025-11-26 10:40:20 | INFO     | emotion_detector | Detected emotion: neutral (confidence: 0.79)
2025-11-26 10:40:21 | INFO     | emotion_detector | Detected emotion: neutral (confidence: 0.49)
2025-11-26 10:40:26 | INFO     | emotion_detector | Detected emotion: neutral (confidence: 0.60)
2025-11-26 10:40:28 | INFO     | emotion_detector | Detected emotion: sad (confidence: 0.80)
2025-11-26 10:40:29 | INFO     | emotion_detector | Background emotion monitoring started
2025-11-26 10:40:37 | WARNING  | emotion_detector | Failed to capture frame from camera
2025-11-26 10:40:37 | WARNING  | emotion_detector | Failed to capture frame from camera
2025-11-26 10:40:39 | WARNING  | emotion_detector | Failed to capture frame from camera
2025-11-26 10:40:49 | WARNING  | emotion_detector | Failed to capture frame from camera
2025-11-26 10:40:50 | WARNING  | emotion_detector | Failed to capture frame from camera
2025-11-26 10:40:50 | WARNING  | emotion_detector | Failed to capture frame from camera
2025-11-26 10:40:58 | INFO     | emotion_detector | Detected emotion: fear (confidence: 0.74)
2025-11-26 10:40:58 | INFO     | emotion_detector | Detected emotion: sad (confidence: 0.56)
2025-11-26 10:40:59 | INFO     | emotion_detector | Detected emotion: fear (confidence: 0.84)
2025-11-26 10:41:05 | INFO     | emotion_detector | Detected emotion: fear (confidence: 0.84)
2025-11-26 10:41:05 | INFO     | emotion_detector | Detected emotion: fear (confidence: 0.88)
2025-11-26 10:41:08 | INFO     | emotion_detector | Detected emotion: fear (confidence: 0.77)
2025-11-26 10:41:11 | INFO     | emotion_detector | Detected emotion: fear (confidence: 0.67)
2025-11-26 10:41:12 | INFO     | emotion_detector | Detected emotion: neutral (confidence: 0.53)
2025-11-26 10:41:16 | INFO     | emotion_detector | Detected emotion: neutral (confidence: 0.81)
2025-11-26 10:41:18 | INFO     | emotion_detector | Detected emotion: fear (confidence: 0.96)
2025-11-26 10:41:18 | INFO     | emotion_detector | Detected emotion: fear (confidence: 0.72)
2025-11-26 10:41:25 | WARNING  | emotion_detector | Failed to capture frame from camera
2025-11-26 10:41:26 | INFO     | emotion_detector | Detected emotion: angry (confidence: 0.94)
2025-11-26 10:41:26 | WARNING  | emotion_detector | Failed to capture frame from camera
2025-11-26 10:41:36 | INFO     | emotion_detector | Detected emotion: sad (confidence: 0.53)
2025-11-26 10:41:36 | INFO     | emotion_detector | Detected emotion: neutral (confidence: 0.91)
2025-11-26 10:41:38 | INFO     | emotion_detector | Detected emotion: neutral (confidence: 0.95)
2025-11-26 10:41:44 | WARNING  | emotion_detector | Failed to capture frame from camera
2025-11-26 10:41:45 | INFO     | emotion_detector | Detected emotion: angry (confidence: 0.98)
2025-11-26 10:41:48 | INFO     | emotion_detector | Detected emotion: neutral (confidence: 0.64)
2025-11-26 10:41:53 | INFO     | emotion_detector | Detected emotion: happy (confidence: 0.83)
2025-11-26 10:41:53 | INFO     | emotion_detector | Detected emotion: neutral (confidence: 0.68)
2025-11-26 10:42:00 | INFO     | emotion_detector | Detected emotion: neutral (confidence: 0.95)
2025-11-26 10:42:02 | INFO     | emotion_detector | Detected emotion: angry (confidence: 0.69)
2025-11-26 10:42:03 | INFO     | emotion_detector | Detected emotion: fear (confidence: 0.66)
2025-11-26 10:42:11 | WARNING  | emotion_detector | Failed to capture frame from camera
2025-11-26 10:42:12 | INFO     | emotion_detector | Detected emotion: happy (confidence: 0.95)
2025-11-26 10:42:13 | INFO     | emotion_detector | Detected emotion: happy (confidence: 0.90)
2025-11-26 10:42:22 | INFO     | emotion_detector | Detected emotion: neutral (confidence: 0.59)
2025-11-26 10:42:23 | INFO     | emotion_detector | Detected emotion: angry (confidence: 0.60)
2025-11-26 10:42:23 | INFO     | emotion_detector | Detected emotion: neutral (confidence: 0.45)
2025-11-26 10:42:31 | INFO     | emotion_detector | Detected emotion: angry (confidence: 0.55)
2025-11-26 10:42:32 | WARNING  | emotion_detector | Failed to capture frame from camera
2025-11-26 10:42:35 | WARNING  | emotion_detector | Failed to capture frame from camera
2025-11-26 10:42:42 | WARNING  | emotion_detector | Failed to capture frame from camera
2025-11-26 10:42:43 | WARNING  | emotion_detector | Failed to capture frame from camera
2025-11-26 10:42:47 | INFO     | emotion_detector | Detected emotion: neutral (confidence: 0.78)
2025-11-26 10:42:51 | INFO     | emotion_detector | Detected emotion: happy (confidence: 0.58)
2025-11-26 10:42:52 | INFO     | emotion_detector | Detected emotion: fear (confidence: 0.92)
2025-11-26 10:42:59 | INFO     | emotion_detector | Detected emotion: sad (confidence: 0.39)
2025-11-26 10:43:00 | INFO     | emotion_detector | Detected emotion: sad (confidence: 0.54)
2025-11-26 10:43:01 | INFO     | emotion_detector | Detected emotion: angry (confidence: 0.47)
2025-11-26 10:43:10 | WARNING  | emotion_detector | Failed to capture frame from camera
2025-11-26 10:43:10 | INFO     | emotion_detector | Detected emotion: happy (confidence: 0.62)
2025-11-26 10:43:11 | INFO     | emotion_detector | Detected emotion: happy (confidence: 1.00)
2025-11-26 10:43:24 | WARNING  | emotion_detector | Failed to capture frame from camera
2025-11-26 10:43:25 | WARNING  | emotion_detector | Failed to capture frame from camera
2025-11-26 10:43:25 | WARNING  | emotion_detector | Failed to capture frame from camera
2025-11-26 10:43:33 | WARNING  | emotion_detector | Failed to capture frame from camera
2025-11-26 10:43:34 | WARNING  | emotion_detector | Failed to capture frame from camera
2025-11-26 10:43:37 | WARNING  | emotion_detector | Failed to capture frame from camera
2025-11-26 10:43:43 | INFO     | emotion_detector | Detected emotion: angry (confidence: 0.93)
2025-11-26 10:43:44 | INFO     | emotion_detector | Detected emotion: angry (confidence: 0.57)
2025-11-26 10:43:48 | INFO     | emotion_detector | Detected emotion: angry (confidence: 0.95)
2025-11-26 10:43:51 | INFO     | emotion_detector | Detected emotion: neutral (confidence: 0.51)
2025-11-26 10:43:53 | INFO     | emotion_detector | Detected emotion: happy (confidence: 0.44)
2025-11-26 10:44:02 | WARNING  | emotion_detector | Failed to capture frame from camera
2025-11-26 10:44:03 | WARNING  | emotion_detector | Failed to capture frame from camera
2025-11-26 10:44:05 | WARNING  | emotion_detector | Failed to capture frame from camera
2025-11-26 10:44:14 | INFO     | emotion_detector | Detected emotion: surprise (confidence: 0.82)
2025-11-26 10:44:15 | INFO     | emotion_detector | Detected emotion: neutral (confidence: 0.92)
2025-11-26 10:44:16 | INFO     | emotion_detector | Detected emotion: neutral (confidence: 0.82)
2025-11-26 10:44:23 | INFO     | emotion_detector | Detected emotion: fear (confidence: 1.00)
2025-11-26 10:44:24 | INFO     | emotion_detector | Detected emotion: fear (confidence: 1.00)
2025-11-26 10:44:25 | INFO     | emotion_detector | Detected emotion: fear (confidence: 0.79)
2025-11-26 10:44:29 | INFO     | emotion_detector | Detected emotion: neutral (confidence: 0.76)
2025-11-26 10:44:31 | INFO     | emotion_detector | Detected emotion: neutral (confidence: 0.84)
2025-11-26 10:44:34 | INFO     | emotion_detector | Detected emotion: neutral (confidence: 0.80)
2025-11-26 10:44:36 | INFO     | emotion_detector | Detected emotion: neutral (confidence: 0.79)
2025-11-26 10:44:37 | INFO     | emotion_detector | Detected emotion: neutral (confidence: 0.86)
2025-11-26 10:44:43 | WARNING  | emotion_detector | Failed to capture frame from camera
2025-11-26 10:44:43 | INFO     | emotion_detector | Detected emotion: fear (confidence: 0.82)
2025-11-26 10:44:44 | INFO     | emotion_detector | Detected emotion: fear (confidence: 0.92)
2025-11-26 10:44:49 | INFO     | emotion_detector | Detected emotion: fear (confidence: 0.54)
2025-11-26 10:44:51 | INFO     | emotion_detector | Detected emotion: angry (confidence: 0.70)
2025-11-26 10:44:52 | INFO     | emotion_detector | Detected emotion: sad (confidence: 0.49)
2025-11-26 10:44:56 | INFO     | emotion_detector | Detected emotion: neutral (confidence: 0.65)
2025-11-26 10:44:58 | INFO     | emotion_detector | Detected emotion: neutral (confidence: 0.42)
2025-11-26 10:45:01 | INFO     | emotion_detector | Detected emotion: angry (confidence: 0.54)
2025-11-26 10:45:02 | INFO     | emotion_detector | Detected emotion: happy (confidence: 0.58)
2025-11-26 10:45:04 | INFO     | emotion_detector | Detected emotion: neutral (confidence: 0.99)
2025-11-26 10:45:09 | INFO     | emotion_detector | Detected emotion: happy (confidence: 0.90)
2025-11-26 10:45:09 | INFO     | emotion_detector | Detected emotion: happy (confidence: 0.71)
2025-11-26 10:45:11 | INFO     | emotion_detector | Detected emotion: neutral (confidence: 0.84)
2025-11-26 10:45:16 | INFO     | emotion_detector | Detected emotion: neutral (confidence: 0.79)
2025-11-26 10:45:19 | WARNING  | emotion_detector | Failed to capture frame from camera
2025-11-26 10:45:19 | WARNING  | emotion_detector | Failed to capture frame from camera
2025-11-26 10:45:24 | WARNING  | emotion_detector | Failed to capture frame from camera
2025-11-26 10:45:27 | WARNING  | emotion_detector | Failed to capture frame from camera
2025-11-26 10:45:29 | WARNING  | emotion_detector | Failed to capture frame from camera
2025-11-26 10:45:31 | WARNING  | emotion_detector | Failed to capture frame from camera
2025-11-26 10:45:34 | WARNING  | emotion_detector | Failed to capture frame from camera
2025-11-26 10:45:41 | INFO     | emotion_detector | Detected emotion: angry (confidence: 0.60)
2025-11-26 10:45:41 | INFO     | emotion_detector | Detected emotion: sad (confidence: 0.62)
2025-11-26 10:45:44 | INFO     | emotion_detector | Detected emotion: angry (confidence: 0.47)
2025-11-26 10:45:52 | INFO     | emotion_detector | Detected emotion: happy (confidence: 0.78)
2025-11-26 10:45:54 | INFO     | emotion_detector | Detected emotion: neutral (confidence: 0.73)
2025-11-26 10:45:54 | INFO     | emotion_detector | Detected emotion: neutral (confidence: 0.90)
2025-11-26 10:46:01 | INFO     | emotion_detector | Detected emotion: neutral (confidence: 0.44)
2025-11-26 10:46:03 | INFO     | emotion_detector | Detected emotion: neutral (confidence: 0.87)
2025-11-26 10:46:05 | INFO     | emotion_detector | Detected emotion: angry (confidence: 0.48)
2025-11-26 10:46:07 | INFO     | emotion_detector | Detected emotion: happy (confidence: 0.99)
2025-11-26 10:46:09 | INFO     | emotion_detector | Detected emotion: happy (confidence: 0.95)
2025-11-26 10:46:13 | INFO     | emotion_detector | Detected emotion: happy (confidence: 0.84)
2025-11-26 10:46:13 | INFO     | emotion_detector | Detected emotion: happy (confidence: 0.95)
2025-11-26 10:46:15 | INFO     | emotion_detector | Detected emotion: happy (confidence: 0.94)
2025-11-26 10:46:20 | INFO     | emotion_detector | Detected emotion: fear (confidence: 0.89)
2025-11-26 10:46:22 | INFO     | emotion_detector | Detected emotion: happy (confidence: 0.97)
2025-11-26 10:46:22 | INFO     | emotion_detector | Detected emotion: happy (confidence: 0.99)
2025-11-26 10:46:26 | INFO     | emotion_detector | Detected emotion: angry (confidence: 0.95)
2025-11-26 10:46:28 | INFO     | emotion_detector | Detected emotion: angry (confidence: 0.81)
2025-11-26 10:46:30 | INFO     | emotion_detector | Detected emotion: angry (confidence: 0.70)
2025-11-26 10:46:33 | INFO     | emotion_detector | Detected emotion: happy (confidence: 0.81)
2025-11-26 10:46:34 | INFO     | emotion_detector | Bias correction: Switched from fear/sad to happy (happy score: 0.33)
2025-11-26 10:46:34 | INFO     | emotion_detector | Detected emotion: happy (confidence: 0.33)
2025-11-26 10:46:38 | INFO     | emotion_detector | Detected emotion: happy (confidence: 0.69)
2025-11-26 10:46:39 | INFO     | emotion_detector | Detected emotion: happy (confidence: 0.68)
2025-11-26 10:46:40 | INFO     | emotion_detector | Detected emotion: angry (confidence: 0.69)
2025-11-26 10:46:46 | INFO     | emotion_detector | Detected emotion: happy (confidence: 0.71)
2025-11-26 10:46:47 | INFO     | emotion_detector | Detected emotion: happy (confidence: 0.80)
2025-11-26 10:46:47 | INFO     | emotion_detector | Detected emotion: happy (confidence: 0.39)
2025-11-26 10:46:52 | INFO     | emotion_detector | Detected emotion: happy (confidence: 0.77)
2025-11-26 10:46:53 | INFO     | emotion_detector | Detected emotion: happy (confidence: 0.66)
2025-11-26 10:46:55 | INFO     | emotion_detector | Detected emotion: happy (confidence: 0.60)
2025-11-26 10:46:58 | INFO     | emotion_detector | Detected emotion: neutral (confidence: 0.79)
2025-11-26 10:46:59 | INFO     | emotion_detector | Detected emotion: angry (confidence: 0.74)
2025-11-26 10:47:03 | INFO     | emotion_detector | Detected emotion: angry (confidence: 0.97)
2025-11-26 10:47:04 | INFO     | emotion_detector | Detected emotion: angry (confidence: 0.98)
2025-11-26 10:47:06 | INFO     | emotion_detector | Detected emotion: angry (confidence: 0.98)
2025-11-26 10:47:12 | INFO     | emotion_detector | Detected emotion: angry (confidence: 0.61)
2025-11-26 10:47:12 | INFO     | emotion_detector | Detected emotion: angry (confidence: 0.99)
2025-11-26 10:47:12 | INFO     | emotion_detector | Detected emotion: angry (confidence: 0.99)
2025-11-26 10:47:18 | INFO     | emotion_detector | Detected emotion: angry (confidence: 0.54)
2025-11-26 10:47:19 | INFO     | emotion_detector | Detected emotion: angry (confidence: 0.44)
2025-11-26 10:47:20 | INFO     | emotion_detector | Detected emotion: angry (confidence: 0.41)
2025-11-26 10:47:26 | INFO     | emotion_detector | Detected emotion: neutral (confidence: 0.88)
2025-11-26 10:47:26 | INFO     | emotion_detector | Detected emotion: happy (confidence: 0.61)
2025-11-26 10:47:29 | INFO     | emotion_detector | Detected emotion: happy (confidence: 0.98)
2025-11-26 10:47:32 | INFO     | emotion_detector | Detected emotion: happy (confidence: 0.98)
2025-11-26 10:47:32 | INFO     | emotion_detector | Detected emotion: happy (confidence: 0.93)
2025-11-26 10:47:40 | INFO     | voice_tone | Voice tone analysis: neutral (confidence: 0.50)
2025-11-26 10:47:43 | INFO     | ai_core | AI response generated: Hey there! How’s it going?...
2025-11-26 10:47:43 | WARNING  | emotion_detector | Failed to capture frame from camera
2025-11-26 10:47:43 | INFO     | tts_output | Generating TTS with voice 'nova' for tone 'happy' (speed: 1.1)
2025-11-26 10:47:43 | INFO     | emotion_detector | Detected emotion: happy (confidence: 0.90)
2025-11-26 10:47:44 | INFO     | emotion_detector | Detected emotion: happy (confidence: 0.95)
2025-11-26 10:47:47 | INFO     | tts_output | TTS audio saved: C:\Users\SHIVANSH\Desktop\ROOMie\backend\audio\tmpcbo87y1x.mp3
2025-11-26 10:47:47 | INFO     | app | ROOMie backend ready
2025-11-26 10:47:55 | INFO     | emotion_detector | Detected emotion: sad (confidence: 0.63)
2025-11-26 10:47:56 | INFO     | emotion_detector | Detected emotion: happy (confidence: 0.97)
2025-11-26 10:47:58 | INFO     | emotion_detector | Detected emotion: happy (confidence: 0.93)
2025-11-26 10:48:07 | INFO     | emotion_detector | Detected emotion: happy (confidence: 0.85)
2025-11-26 10:48:09 | INFO     | emotion_detector | Detected emotion: happy (confidence: 0.71)
2025-11-26 10:48:11 | INFO     | emotion_detector | Detected emotion: happy (confidence: 0.84)
2025-11-26 10:48:16 | INFO     | emotion_detector | Detected emotion: angry (confidence: 0.80)
2025-11-26 10:48:18 | INFO     | emotion_detector | Detected emotion: happy (confidence: 0.88)
2025-11-26 10:48:23 | INFO     | emotion_detector | Detected emotion: happy (confidence: 0.99)
2025-11-26 10:48:26 | INFO     | emotion_detector | Detected emotion: happy (confidence: 0.98)
2025-11-26 10:48:27 | INFO     | emotion_detector | Detected emotion: sad (confidence: 0.67)
2025-11-26 10:48:39 | INFO     | emotion_detector | Detected emotion: sad (confidence: 0.72)
2025-11-26 10:48:39 | INFO     | emotion_detector | Detected emotion: angry (confidence: 0.74)
2025-11-26 10:48:41 | INFO     | emotion_detector | Detected emotion: happy (confidence: 0.50)
2025-11-26 10:48:49 | INFO     | emotion_detector | Detected emotion: happy (confidence: 0.60)
2025-11-26 10:48:50 | WARNING  | emotion_detector | Failed to capture frame from camera
2025-11-26 10:48:51 | INFO     | emotion_detector | Detected emotion: happy (confidence: 0.98)
2025-11-26 10:48:59 | INFO     | emotion_detector | Detected emotion: neutral (confidence: 0.55)
2025-11-26 10:49:00 | INFO     | emotion_detector | Detected emotion: neutral (confidence: 0.89)
2025-11-26 10:49:03 | INFO     | emotion_detector | Detected emotion: angry (confidence: 0.48)
2025-11-26 10:49:08 | INFO     | emotion_detector | Detected emotion: sad (confidence: 0.58)
2025-11-26 10:49:09 | INFO     | emotion_detector | Detected emotion: neutral (confidence: 0.86)
2025-11-26 10:49:12 | INFO     | emotion_detector | Detected emotion: sad (confidence: 0.74)
2025-11-26 10:49:14 | INFO     | emotion_detector | Detected emotion: sad (confidence: 0.72)
2025-11-26 10:49:16 | INFO     | emotion_detector | Detected emotion: angry (confidence: 1.00)
2025-11-26 10:49:20 | WARNING  | emotion_detector | Failed to capture frame from camera
2025-11-26 10:49:20 | INFO     | emotion_detector | Detected emotion: angry (confidence: 1.00)
2025-11-26 10:49:22 | INFO     | emotion_detector | Detected emotion: neutral (confidence: 0.60)
2025-11-26 10:49:27 | INFO     | emotion_detector | Detected emotion: angry (confidence: 1.00)
2025-11-26 10:49:28 | INFO     | emotion_detector | Bias correction: Switched from fear/sad to neutral (neutral score: 0.27)
2025-11-26 10:49:28 | INFO     | emotion_detector | Detected emotion: neutral (confidence: 0.27)
2025-11-26 10:49:29 | INFO     | emotion_detector | Detected emotion: neutral (confidence: 0.98)
2025-11-26 10:49:33 | INFO     | emotion_detector | Detected emotion: happy (confidence: 1.00)
2025-11-26 10:49:34 | INFO     | emotion_detector | Detected emotion: happy (confidence: 1.00)
2025-11-26 10:49:37 | INFO     | emotion_detector | Detected emotion: happy (confidence: 0.98)
2025-11-26 10:49:39 | INFO     | emotion_detector | Bias correction: Switched from fear/sad to happy (happy score: 0.29)
2025-11-26 10:49:39 | INFO     | emotion_detector | Detected emotion: happy (confidence: 0.29)
2025-11-26 10:49:44 | INFO     | emotion_detector | Detected emotion: sad (confidence: 0.92)
2025-11-26 10:49:54 | INFO     | emotion_detector | Detected emotion: sad (confidence: 0.59)
2025-11-26 10:49:54 | INFO     | emotion_detector | Detected emotion: sad (confidence: 0.75)
2025-11-26 10:49:57 | INFO     | emotion_detector | Detected emotion: neutral (confidence: 0.97)
2025-11-26 10:50:05 | INFO     | emotion_detector | Detected emotion: sad (confidence: 0.98)
2025-11-26 10:50:06 | INFO     | emotion_detector | Detected emotion: happy (confidence: 0.76)
2025-11-26 10:50:06 | INFO     | emotion_detector | Detected emotion: happy (confidence: 0.61)
2025-11-26 10:50:12 | INFO     | emotion_detector | Detected emotion: happy (confidence: 0.57)
2025-11-26 10:50:18 | INFO     | emotion_detector | Detected emotion: sad (confidence: 0.37)
2025-11-26 10:50:25 | INFO     | emotion_detector | Bias correction: Switched from fear/sad to happy (happy score: 0.38)
2025-11-26 10:50:25 | INFO     | emotion_detector | Detected emotion: happy (confidence: 0.38)
2025-11-26 10:50:25 | INFO     | emotion_detector | Background emotion monitoring started
2025-11-26 10:50:25 | INFO     | app | Background emotion monitor started
2025-11-26 10:50:25 | INFO     | conversation_memory | Database initialized successfully
2025-11-26 10:50:25 | INFO     | app | Database and audio directory initialized
2025-11-26 10:50:25 | INFO     | app | ROOMie Backend v3.0 starting...
2025-11-26 10:50:25 | INFO     | app | Server: http://127.0.0.1:5000
2025-11-26 10:50:25 | INFO     | app | WebSocket: ws://127.0.0.1:5000
2025-11-26 10:50:31 | INFO     | emotion_detector | Detected emotion: happy (confidence: 1.00)
2025-11-26 10:50:31 | INFO     | emotion_detector | Detected emotion: happy (confidence: 0.96)
2025-11-26 10:50:37 | WARNING  | emotion_detector | Failed to capture frame from camera
2025-11-26 10:50:37 | INFO     | emotion_detector | Detected emotion: happy (confidence: 0.99)
2025-11-26 10:50:43 | INFO     | emotion_detector | Detected emotion: neutral (confidence: 0.70)
2025-11-26 10:50:44 | INFO     | emotion_detector | Detected emotion: sad (confidence: 0.74)
2025-11-26 10:50:49 | WARNING  | emotion_detector | Failed to capture frame from camera
2025-11-26 10:50:50 | INFO     | emotion_detector | Detected emotion: neutral (confidence: 0.61)
2025-11-26 10:52:24 | INFO     | emotion_detector | Background emotion monitoring started
2025-11-26 10:52:24 | INFO     | app | Background emotion monitor started
2025-11-26 10:52:24 | INFO     | conversation_memory | Database initialized successfully
2025-11-26 10:52:24 | INFO     | app | Database and audio directory initialized
2025-11-26 10:52:24 | INFO     | app | ROOMie Backend v3.0 starting...
2025-11-26 10:52:24 | INFO     | app | Server: http://127.0.0.1:5000
2025-11-26 10:52:24 | INFO     | app | WebSocket: ws://127.0.0.1:5000
2025-11-26 10:52:32 | INFO     | emotion_detector | Detected emotion: neutral (confidence: 0.70)
2025-11-26 10:52:40 | INFO     | emotion_detector | Detected emotion: happy (confidence: 0.53)
2025-11-26 10:52:44 | INFO     | emotion_detector | Background emotion monitoring started
2025-11-26 10:52:44 | INFO     | app | Background emotion monitor started
2025-11-26 10:52:44 | INFO     | conversation_memory | Database initialized successfully
2025-11-26 10:52:44 | INFO     | app | Database and audio directory initialized
2025-11-26 10:52:44 | INFO     | app | ROOMie Backend v3.0 starting...
2025-11-26 10:52:44 | INFO     | app | Server: http://127.0.0.1:5000
2025-11-26 10:52:44 | INFO     | app | WebSocket: ws://127.0.0.1:5000
2025-11-26 10:52:44 | INFO     | emotion_detector | Background emotion monitoring started
2025-11-26 10:52:49 | WARNING  | emotion_detector | Failed to capture frame from camera
2025-11-26 10:52:50 | WARNING  | emotion_detector | Failed to capture frame from camera
2025-11-26 10:52:50 | WARNING  | emotion_detector | Failed to capture frame from camera
2025-11-26 10:52:59 | INFO     | emotion_detector | Detected emotion: angry (confidence: 0.38)
2025-11-26 10:52:59 | INFO     | voice_tone | Voice tone analysis: neutral (confidence: 0.50)
2025-11-26 10:53:01 | INFO     | ai_core | AI response generated: I’m doing well, thanks for asking! How about you?...
2025-11-26 10:53:01 | INFO     | tts_output | Generating TTS with voice 'nova' for tone 'neutral' (speed: 1.0)
2025-11-26 10:53:03 | INFO     | emotion_detector | Detected emotion: happy (confidence: 1.00)
2025-11-26 10:53:05 | INFO     | tts_output | TTS audio saved: C:\Users\SHIVANSH\Desktop\ROOMie\backend\audio\tmpuabwk75_.mp3
2025-11-26 10:53:06 | INFO     | app | ROOMie backend ready
2025-11-26 10:53:06 | INFO     | emotion_detector | Detected emotion: happy (confidence: 0.99)
2025-11-26 10:53:11 | INFO     | emotion_detector | Detected emotion: angry (confidence: 0.97)
2025-11-26 10:53:14 | INFO     | emotion_detector | Detected emotion: neutral (confidence: 0.96)
2025-11-26 10:53:19 | INFO     | emotion_detector | Detected emotion: angry (confidence: 0.36)
2025-11-26 10:53:21 | INFO     | emotion_detector | Detected emotion: neutral (confidence: 0.82)
2025-11-26 10:53:23 | INFO     | emotion_detector | Detected emotion: angry (confidence: 0.45)
2025-11-26 10:53:31 | WARNING  | emotion_detector | Failed to capture frame from camera
2025-11-26 10:53:32 | INFO     | emotion_detector | Detected emotion: happy (confidence: 0.99)
2025-11-26 10:53:34 | INFO     | emotion_detector | Detected emotion: happy (confidence: 0.60)
2025-11-26 10:53:43 | INFO     | emotion_detector | Detected emotion: angry (confidence: 0.53)
2025-11-26 10:53:44 | WARNING  | emotion_detector | Failed to capture frame from camera
2025-11-26 10:53:45 | INFO     | emotion_detector | Detected emotion: happy (confidence: 0.76)
2025-11-26 10:53:53 | INFO     | emotion_detector | Detected emotion: angry (confidence: 0.86)
2025-11-26 10:53:55 | INFO     | emotion_detector | Detected emotion: happy (confidence: 0.99)
2025-11-26 10:53:57 | INFO     | emotion_detector | Detected emotion: happy (confidence: 0.40)
2025-11-26 10:54:08 | WARNING  | emotion_detector | Failed to capture frame from camera
2025-11-26 10:54:10 | WARNING  | emotion_detector | Failed to capture frame from camera
2025-11-26 10:54:11 | WARNING  | emotion_detector | Failed to capture frame from camera
2025-11-26 10:54:18 | INFO     | emotion_detector | Detected emotion: happy (confidence: 1.00)
2025-11-26 10:54:20 | INFO     | emotion_detector | Detected emotion: happy (confidence: 1.00)
2025-11-26 10:54:24 | INFO     | emotion_detector | Detected emotion: neutral (confidence: 0.46)
2025-11-26 10:54:27 | INFO     | emotion_detector | Detected emotion: sad (confidence: 0.65)
2025-11-26 10:54:29 | INFO     | emotion_detector | Detected emotion: happy (confidence: 1.00)
2025-11-26 10:54:37 | INFO     | emotion_detector | Detected emotion: angry (confidence: 0.37)
2025-11-26 10:54:38 | INFO     | emotion_detector | Detected emotion: angry (confidence: 0.64)
2025-11-26 10:54:40 | INFO     | emotion_detector | Detected emotion: sad (confidence: 0.47)
2025-11-26 10:54:49 | INFO     | emotion_detector | Detected emotion: happy (confidence: 0.39)
2025-11-26 10:54:50 | INFO     | emotion_detector | Detected emotion: happy (confidence: 0.78)
2025-11-26 10:54:51 | INFO     | emotion_detector | Detected emotion: happy (confidence: 1.00)
2025-11-26 10:54:58 | INFO     | emotion_detector | Detected emotion: neutral (confidence: 0.75)
2025-11-26 10:55:01 | INFO     | emotion_detector | Detected emotion: neutral (confidence: 0.47)
2025-11-26 10:55:02 | INFO     | emotion_detector | Detected emotion: happy (confidence: 0.68)
2025-11-26 10:55:07 | INFO     | emotion_detector | Detected emotion: sad (confidence: 0.33)
2025-11-26 10:55:10 | INFO     | emotion_detector | Detected emotion: sad (confidence: 0.65)
2025-11-26 10:55:13 | INFO     | emotion_detector | Detected emotion: sad (confidence: 0.41)
2025-11-26 10:55:17 | INFO     | emotion_detector | Detected emotion: sad (confidence: 0.73)
2025-11-26 10:55:20 | INFO     | emotion_detector | Detected emotion: sad (confidence: 0.80)
2025-11-26 10:55:23 | INFO     | emotion_detector | Detected emotion: neutral (confidence: 0.57)
2025-11-26 10:55:24 | INFO     | emotion_detector | Detected emotion: neutral (confidence: 0.79)
2025-11-26 10:55:27 | INFO     | emotion_detector | Detected emotion: sad (confidence: 0.34)
2025-11-26 10:55:31 | INFO     | emotion_detector | Detected emotion: happy (confidence: 0.97)
2025-11-26 10:55:32 | INFO     | emotion_detector | Detected emotion: happy (confidence: 0.42)
2025-11-26 10:55:33 | INFO     | emotion_detector | Detected emotion: angry (confidence: 0.96)
2025-11-26 10:55:37 | INFO     | emotion_detector | Detected emotion: angry (confidence: 0.99)
2025-11-26 10:55:40 | INFO     | emotion_detector | Detected emotion: happy (confidence: 1.00)
2025-11-26 10:55:40 | INFO     | emotion_detector | Detected emotion: happy (confidence: 1.00)
2025-11-26 10:55:44 | INFO     | emotion_detector | Detected emotion: happy (confidence: 1.00)
2025-11-26 10:55:47 | INFO     | emotion_detector | Detected emotion: happy (confidence: 1.00)
2025-11-26 10:55:49 | INFO     | emotion_detector | Detected emotion: happy (confidence: 1.00)
2025-11-26 10:55:50 | INFO     | emotion_detector | Detected emotion: happy (confidence: 1.00)
2025-11-26 10:55:53 | INFO     | emotion_detector | Detected emotion: happy (confidence: 1.00)
2025-11-26 10:55:57 | INFO     | emotion_detector | Detected emotion: happy (confidence: 1.00)
2025-11-26 10:55:58 | INFO     | emotion_detector | Detected emotion: happy (confidence: 1.00)
2025-11-26 10:55:59 | INFO     | emotion_detector | Detected emotion: happy (confidence: 1.00)
2025-11-26 10:56:03 | INFO     | emotion_detector | Detected emotion: happy (confidence: 1.00)
2025-11-26 10:56:05 | WARNING  | emotion_detector | Failed to capture frame from camera
2025-11-26 10:56:06 | INFO     | emotion_detector | Detected emotion: sad (confidence: 0.54)
2025-11-26 10:56:09 | INFO     | emotion_detector | Detected emotion: neutral (confidence: 0.50)
2025-11-26 10:56:11 | INFO     | emotion_detector | Detected emotion: angry (confidence: 1.00)
2025-11-26 10:56:14 | INFO     | emotion_detector | Detected emotion: angry (confidence: 0.90)
2025-11-26 10:56:15 | INFO     | emotion_detector | Detected emotion: angry (confidence: 0.94)
2025-11-26 10:56:17 | INFO     | emotion_detector | Detected emotion: angry (confidence: 1.00)
2025-11-26 10:56:21 | INFO     | emotion_detector | Detected emotion: angry (confidence: 1.00)
2025-11-26 10:56:22 | INFO     | emotion_detector | Detected emotion: angry (confidence: 1.00)
2025-11-26 10:56:23 | INFO     | emotion_detector | Detected emotion: surprise (confidence: 0.68)
2025-11-26 10:56:27 | INFO     | emotion_detector | Detected emotion: angry (confidence: 1.00)
2025-11-26 10:56:30 | INFO     | emotion_detector | Detected emotion: happy (confidence: 0.48)
2025-11-26 10:56:30 | INFO     | emotion_detector | Detected emotion: angry (confidence: 0.60)
2025-11-26 10:56:33 | INFO     | emotion_detector | Detected emotion: angry (confidence: 0.59)
2025-11-26 10:56:36 | INFO     | emotion_detector | Detected emotion: angry (confidence: 0.92)
2025-11-26 10:56:39 | INFO     | emotion_detector | Detected emotion: fear (confidence: 0.67)
2025-11-26 10:56:39 | INFO     | emotion_detector | Detected emotion: happy (confidence: 0.84)
2025-11-26 10:56:42 | INFO     | emotion_detector | Detected emotion: neutral (confidence: 0.78)
2025-11-26 10:56:46 | INFO     | emotion_detector | Detected emotion: happy (confidence: 0.99)
2025-11-26 10:56:47 | INFO     | emotion_detector | Detected emotion: happy (confidence: 1.00)
2025-11-26 10:56:48 | INFO     | emotion_detector | Detected emotion: happy (confidence: 1.00)
2025-11-26 10:56:52 | INFO     | emotion_detector | Detected emotion: happy (confidence: 0.99)
2025-11-26 10:56:54 | INFO     | emotion_detector | Detected emotion: happy (confidence: 1.00)
2025-11-26 10:56:55 | INFO     | emotion_detector | Detected emotion: happy (confidence: 1.00)
2025-11-26 10:56:58 | INFO     | emotion_detector | Detected emotion: happy (confidence: 0.98)
2025-11-26 10:57:01 | INFO     | emotion_detector | Detected emotion: happy (confidence: 1.00)
2025-11-26 10:57:05 | INFO     | emotion_detector | Detected emotion: angry (confidence: 0.42)
2025-11-26 10:57:05 | INFO     | emotion_detector | Detected emotion: happy (confidence: 0.99)
2025-11-26 10:57:08 | INFO     | emotion_detector | Detected emotion: angry (confidence: 0.86)
2025-11-26 10:57:12 | INFO     | emotion_detector | Detected emotion: happy (confidence: 0.89)
2025-11-26 10:57:14 | INFO     | emotion_detector | Detected emotion: neutral (confidence: 0.67)
2025-11-26 10:57:15 | INFO     | emotion_detector | Detected emotion: neutral (confidence: 0.53)
2025-11-26 10:57:19 | INFO     | emotion_detector | Detected emotion: neutral (confidence: 0.62)
2025-11-26 10:57:21 | INFO     | emotion_detector | Detected emotion: sad (confidence: 0.79)
2025-11-26 10:57:22 | INFO     | emotion_detector | Detected emotion: sad (confidence: 0.50)
2025-11-26 10:57:25 | INFO     | emotion_detector | Detected emotion: happy (confidence: 1.00)
2025-11-26 10:57:27 | INFO     | emotion_detector | Detected emotion: happy (confidence: 1.00)
2025-11-26 10:57:31 | INFO     | emotion_detector | Detected emotion: happy (confidence: 1.00)
2025-11-26 10:57:31 | INFO     | emotion_detector | Detected emotion: happy (confidence: 1.00)
2025-11-26 10:57:34 | INFO     | emotion_detector | Detected emotion: happy (confidence: 1.00)
2025-11-26 10:57:38 | INFO     | emotion_detector | Detected emotion: happy (confidence: 0.93)
2025-11-26 10:57:39 | INFO     | emotion_detector | Detected emotion: happy (confidence: 0.99)
2025-11-26 10:57:40 | INFO     | emotion_detector | Detected emotion: happy (confidence: 0.84)
2025-11-26 10:57:44 | INFO     | emotion_detector | Detected emotion: angry (confidence: 0.63)
2025-11-26 10:57:46 | INFO     | emotion_detector | Detected emotion: angry (confidence: 0.77)
2025-11-26 10:57:47 | INFO     | emotion_detector | Detected emotion: neutral (confidence: 0.44)
2025-11-26 10:57:50 | INFO     | emotion_detector | Detected emotion: fear (confidence: 0.42)
2025-11-26 10:57:52 | INFO     | emotion_detector | Detected emotion: happy (confidence: 0.68)
2025-11-26 10:57:55 | INFO     | emotion_detector | Detected emotion: happy (confidence: 0.84)
2025-11-26 10:57:56 | INFO     | emotion_detector | Detected emotion: happy (confidence: 0.99)
2025-11-26 10:57:59 | INFO     | emotion_detector | Detected emotion: neutral (confidence: 0.50)
2025-11-26 10:58:11 | INFO     | emotion_detector | Detected emotion: angry (confidence: 0.80)
2025-11-26 10:58:15 | WARNING  | emotion_detector | Failed to capture frame from camera
2025-11-26 10:58:15 | INFO     | emotion_detector | Detected emotion: happy (confidence: 0.96)
2025-11-26 10:58:22 | INFO     | emotion_detector | Detected emotion: happy (confidence: 0.96)
2025-11-26 10:58:24 | INFO     | emotion_detector | Detected emotion: happy (confidence: 0.63)
2025-11-26 10:58:25 | INFO     | emotion_detector | Detected emotion: happy (confidence: 0.50)
2025-11-26 10:58:28 | INFO     | emotion_detector | Detected emotion: happy (confidence: 0.87)
2025-11-26 10:58:32 | INFO     | emotion_detector | Detected emotion: happy (confidence: 0.71)
2025-11-26 10:58:34 | INFO     | emotion_detector | Detected emotion: happy (confidence: 0.99)
2025-11-26 10:58:35 | INFO     | emotion_detector | Detected emotion: happy (confidence: 0.98)
2025-11-26 10:58:38 | INFO     | emotion_detector | Detected emotion: happy (confidence: 1.00)
2025-11-26 10:58:41 | INFO     | emotion_detector | Detected emotion: happy (confidence: 1.00)
2025-11-26 10:58:43 | INFO     | emotion_detector | Detected emotion: happy (confidence: 0.99)
2025-11-26 10:58:44 | INFO     | emotion_detector | Detected emotion: happy (confidence: 0.99)
2025-11-26 10:58:48 | INFO     | emotion_detector | Detected emotion: happy (confidence: 1.00)
2025-11-26 10:58:54 | WARNING  | emotion_detector | Failed to capture frame from camera
2025-11-26 10:58:54 | WARNING  | emotion_detector | Failed to capture frame from camera
2025-11-26 10:58:57 | WARNING  | emotion_detector | Failed to capture frame from camera
2025-11-26 10:59:03 | WARNING  | emotion_detector | Failed to capture frame from camera
2025-11-26 10:59:07 | INFO     | emotion_detector | Detected emotion: sad (confidence: 0.76)
2025-11-26 10:59:08 | INFO     | emotion_detector | Detected emotion: happy (confidence: 0.99)
2025-11-26 10:59:12 | INFO     | emotion_detector | Detected emotion: neutral (confidence: 0.39)
2025-11-26 10:59:14 | INFO     | voice_tone | Voice tone analysis: neutral (confidence: 0.50)
2025-11-26 10:59:16 | INFO     | tts_output | Generating TTS with voice 'nova' for tone 'happy' (speed: 1.1)
2025-11-26 10:59:18 | INFO     | emotion_detector | Detected emotion: neutral (confidence: 0.88)
2025-11-26 10:59:18 | INFO     | tts_output | TTS audio saved: C:\Users\SHIVANSH\Desktop\ROOMie\backend\audio\tmp7v3b980h.mp3
2025-11-26 10:59:24 | INFO     | emotion_detector | Detected emotion: neutral (confidence: 0.70)
2025-11-26 10:59:28 | INFO     | emotion_detector | Detected emotion: angry (confidence: 0.93)
2025-11-26 10:59:30 | INFO     | emotion_detector | Detected emotion: angry (confidence: 0.98)
2025-11-26 10:59:43 | INFO     | emotion_detector | Detected emotion: neutral (confidence: 0.89)
2025-11-26 10:59:43 | INFO     | emotion_detector | Detected emotion: neutral (confidence: 0.79)
2025-11-26 10:59:44 | INFO     | emotion_detector | Detected emotion: neutral (confidence: 0.92)
2025-11-26 10:59:55 | WARNING  | emotion_detector | Failed to capture frame from camera
2025-11-26 10:59:55 | INFO     | emotion_detector | Detected emotion: angry (confidence: 0.74)
2025-11-26 10:59:57 | INFO     | emotion_detector | Detected emotion: neutral (confidence: 0.39)
2025-11-26 11:00:05 | INFO     | emotion_detector | Detected emotion: happy (confidence: 0.96)
2025-11-26 11:00:07 | INFO     | emotion_detector | Detected emotion: happy (confidence: 0.91)
2025-11-26 11:00:11 | INFO     | emotion_detector | Detected emotion: happy (confidence: 1.00)
2025-11-26 11:00:16 | INFO     | emotion_detector | Detected emotion: happy (confidence: 0.99)
2025-11-26 11:00:17 | INFO     | emotion_detector | Detected emotion: happy (confidence: 1.00)
2025-11-26 11:00:23 | INFO     | emotion_detector | Detected emotion: neutral (confidence: 0.90)
2025-11-26 11:00:25 | INFO     | emotion_detector | Detected emotion: angry (confidence: 0.54)
2025-11-26 11:00:25 | INFO     | emotion_detector | Detected emotion: angry (confidence: 0.98)
2025-11-26 11:00:32 | INFO     | emotion_detector | Detected emotion: angry (confidence: 0.99)
2025-11-26 11:00:32 | INFO     | emotion_detector | Detected emotion: angry (confidence: 1.00)
2025-11-26 11:00:32 | INFO     | emotion_detector | Detected emotion: angry (confidence: 0.99)
2025-11-26 11:00:38 | INFO     | emotion_detector | Detected emotion: angry (confidence: 0.99)
2025-11-26 11:00:39 | INFO     | emotion_detector | Detected emotion: angry (confidence: 1.00)
2025-11-26 11:00:40 | INFO     | emotion_detector | Detected emotion: angry (confidence: 0.99)
2025-11-26 11:00:45 | INFO     | emotion_detector | Detected emotion: happy (confidence: 0.97)
2025-11-26 11:00:45 | INFO     | emotion_detector | Detected emotion: happy (confidence: 0.96)
2025-11-26 11:00:49 | INFO     | emotion_detector | Detected emotion: angry (confidence: 0.98)
2025-11-26 11:00:52 | INFO     | emotion_detector | Detected emotion: happy (confidence: 0.85)
2025-11-26 11:00:52 | INFO     | emotion_detector | Detected emotion: happy (confidence: 0.95)
2025-11-26 11:00:58 | INFO     | emotion_detector | Detected emotion: happy (confidence: 0.96)
2025-11-26 11:00:58 | INFO     | emotion_detector | Detected emotion: happy (confidence: 0.99)
2025-11-26 11:00:59 | INFO     | emotion_detector | Detected emotion: happy (confidence: 0.99)
2025-11-26 11:01:06 | INFO     | emotion_detector | Detected emotion: angry (confidence: 0.98)
2025-11-26 11:01:06 | INFO     | emotion_detector | Detected emotion: angry (confidence: 0.69)
2025-11-26 11:01:07 | INFO     | emotion_detector | Detected emotion: happy (confidence: 0.55)
2025-11-26 11:01:12 | WARNING  | emotion_detector | Failed to capture frame from camera
2025-11-26 11:01:12 | INFO     | emotion_detector | Detected emotion: happy (confidence: 0.63)
2025-11-26 11:01:17 | INFO     | emotion_detector | Detected emotion: happy (confidence: 0.99)
2025-11-26 11:01:19 | WARNING  | emotion_detector | Failed to capture frame from camera
2025-11-26 11:01:20 | INFO     | emotion_detector | Detected emotion: happy (confidence: 0.97)
2025-11-26 11:01:30 | WARNING  | emotion_detector | Failed to capture frame from camera
2025-11-26 11:01:30 | WARNING  | emotion_detector | Failed to capture frame from camera
2025-11-26 11:01:30 | WARNING  | emotion_detector | Failed to capture frame from camera
2025-11-26 11:01:40 | WARNING  | emotion_detector | Failed to capture frame from camera
2025-11-26 11:01:41 | WARNING  | emotion_detector | Failed to capture frame from camera
2025-11-26 11:01:42 | WARNING  | emotion_detector | Failed to capture frame from camera
2025-11-26 11:01:50 | INFO     | emotion_detector | Detected emotion: sad (confidence: 0.74)
2025-11-26 11:01:51 | INFO     | emotion_detector | Detected emotion: sad (confidence: 0.55)
2025-11-26 11:01:51 | INFO     | voice_tone | Voice tone analysis: neutral (confidence: 0.50)
2025-11-26 11:01:55 | INFO     | emotion_detector | Detected emotion: happy (confidence: 1.00)
2025-11-26 11:01:56 | INFO     | ai_core | AI response generated: Once upon a time in a lively little town, there wa...
2025-11-26 11:01:56 | INFO     | tts_output | Generating TTS with voice 'nova' for tone 'happy' (speed: 1.1)
2025-11-26 11:02:00 | INFO     | emotion_detector | Detected emotion: happy (confidence: 1.00)
2025-11-26 11:02:01 | INFO     | emotion_detector | Detected emotion: happy (confidence: 1.00)
2025-11-26 11:02:04 | INFO     | tts_output | TTS audio saved: C:\Users\SHIVANSH\Desktop\ROOMie\backend\audio\tmp_5o6g45l.mp3
2025-11-26 11:02:12 | INFO     | emotion_detector | Detected emotion: happy (confidence: 0.97)
2025-11-26 11:02:15 | INFO     | emotion_detector | Detected emotion: happy (confidence: 0.93)
2025-11-26 11:02:15 | INFO     | emotion_detector | Detected emotion: happy (confidence: 0.95)
2025-11-26 11:02:27 | INFO     | emotion_detector | Detected emotion: angry (confidence: 0.99)
2025-11-26 11:02:27 | WARNING  | emotion_detector | Failed to capture frame from camera
2025-11-26 11:02:27 | INFO     | emotion_detector | Detected emotion: angry (confidence: 0.99)
2025-11-26 11:02:40 | WARNING  | emotion_detector | Failed to capture frame from camera
2025-11-26 11:02:41 | INFO     | emotion_detector | Detected emotion: happy (confidence: 1.00)
2025-11-26 11:02:42 | INFO     | emotion_detector | Detected emotion: happy (confidence: 1.00)
2025-11-26 11:02:51 | INFO     | emotion_detector | Detected emotion: happy (confidence: 0.97)
2025-11-26 11:02:52 | INFO     | emotion_detector | Detected emotion: happy (confidence: 1.00)
2025-11-26 11:02:55 | INFO     | emotion_detector | Detected emotion: happy (confidence: 0.99)
2025-11-26 11:03:01 | INFO     | emotion_detector | Detected emotion: happy (confidence: 0.98)
2025-11-26 11:03:01 | INFO     | emotion_detector | Detected emotion: happy (confidence: 0.80)
2025-11-26 11:03:07 | INFO     | emotion_detector | Detected emotion: neutral (confidence: 0.88)
2025-11-26 11:03:11 | INFO     | emotion_detector | Detected emotion: happy (confidence: 0.99)
2025-11-26 11:03:12 | INFO     | emotion_detector | Detected emotion: happy (confidence: 0.97)
2025-11-26 11:03:21 | INFO     | emotion_detector | Detected emotion: happy (confidence: 0.83)
2025-11-26 11:03:23 | INFO     | emotion_detector | Detected emotion: happy (confidence: 0.96)
2025-11-26 11:03:24 | INFO     | emotion_detector | Detected emotion: happy (confidence: 0.99)
2025-11-26 11:03:35 | INFO     | emotion_detector | Detected emotion: neutral (confidence: 0.65)
2025-11-26 11:03:36 | INFO     | emotion_detector | Detected emotion: angry (confidence: 0.39)
2025-11-26 11:03:37 | INFO     | emotion_detector | Detected emotion: neutral (confidence: 1.00)
2025-11-26 11:03:46 | INFO     | emotion_detector | Detected emotion: angry (confidence: 0.45)
2025-11-26 11:03:48 | INFO     | emotion_detector | Detected emotion: happy (confidence: 1.00)
2025-11-26 11:03:49 | INFO     | emotion_detector | Detected emotion: happy (confidence: 0.59)
2025-11-26 11:03:55 | INFO     | emotion_detector | Detected emotion: neutral (confidence: 0.98)
2025-11-26 11:03:58 | INFO     | emotion_detector | Detected emotion: neutral (confidence: 0.88)
2025-11-26 11:04:02 | INFO     | emotion_detector | Detected emotion: neutral (confidence: 0.88)
2025-11-26 11:04:05 | INFO     | emotion_detector | Detected emotion: angry (confidence: 0.79)
2025-11-26 11:04:07 | INFO     | emotion_detector | Detected emotion: angry (confidence: 0.80)
2025-11-26 11:04:14 | INFO     | emotion_detector | Detected emotion: neutral (confidence: 0.99)
2025-11-26 11:04:15 | INFO     | emotion_detector | Detected emotion: sad (confidence: 0.58)
2025-11-26 11:04:17 | INFO     | emotion_detector | Detected emotion: sad (confidence: 0.54)
2025-11-26 11:04:21 | INFO     | emotion_detector | Detected emotion: angry (confidence: 1.00)
2025-11-26 11:04:22 | INFO     | emotion_detector | Detected emotion: angry (confidence: 1.00)
2025-11-26 11:04:23 | INFO     | emotion_detector | Detected emotion: angry (confidence: 1.00)
2025-11-26 11:04:28 | INFO     | emotion_detector | Detected emotion: angry (confidence: 1.00)
2025-11-26 11:04:29 | INFO     | emotion_detector | Detected emotion: angry (confidence: 1.00)
2025-11-26 11:04:30 | INFO     | emotion_detector | Detected emotion: angry (confidence: 0.99)
2025-11-26 11:04:34 | INFO     | emotion_detector | Detected emotion: angry (confidence: 1.00)
2025-11-26 11:04:35 | INFO     | emotion_detector | Detected emotion: angry (confidence: 1.00)
2025-11-26 11:04:38 | INFO     | emotion_detector | Detected emotion: angry (confidence: 1.00)
2025-11-26 11:04:40 | INFO     | emotion_detector | Detected emotion: angry (confidence: 1.00)
2025-11-26 11:04:41 | INFO     | emotion_detector | Detected emotion: angry (confidence: 1.00)
2025-11-26 11:04:46 | INFO     | emotion_detector | Detected emotion: neutral (confidence: 0.96)
2025-11-26 11:04:47 | INFO     | emotion_detector | Detected emotion: angry (confidence: 0.99)
2025-11-26 11:04:47 | INFO     | emotion_detector | Detected emotion: angry (confidence: 1.00)
2025-11-26 11:04:52 | INFO     | emotion_detector | Detected emotion: neutral (confidence: 0.99)
2025-11-26 11:04:54 | INFO     | emotion_detector | Detected emotion: angry (confidence: 1.00)
2025-11-26 11:04:55 | INFO     | emotion_detector | Detected emotion: angry (confidence: 1.00)
2025-11-26 11:04:58 | INFO     | emotion_detector | Detected emotion: angry (confidence: 0.99)
2025-11-26 11:05:00 | INFO     | emotion_detector | Detected emotion: sad (confidence: 0.98)
2025-11-26 11:05:03 | INFO     | emotion_detector | Detected emotion: sad (confidence: 0.94)
2025-11-26 11:05:04 | INFO     | emotion_detector | Detected emotion: sad (confidence: 0.97)
2025-11-26 11:05:06 | INFO     | emotion_detector | Detected emotion: sad (confidence: 0.95)
2025-11-26 11:05:11 | WARNING  | emotion_detector | Failed to capture frame from camera
2025-11-26 11:05:11 | INFO     | emotion_detector | Detected emotion: sad (confidence: 0.72)
2025-11-26 11:05:12 | INFO     | emotion_detector | Detected emotion: sad (confidence: 0.90)
2025-11-26 11:05:18 | INFO     | emotion_detector | Detected emotion: sad (confidence: 1.00)
2025-11-26 11:05:19 | INFO     | emotion_detector | Detected emotion: sad (confidence: 0.98)
2025-11-26 11:05:19 | INFO     | emotion_detector | Detected emotion: sad (confidence: 1.00)
2025-11-26 11:05:24 | INFO     | emotion_detector | Detected emotion: sad (confidence: 0.96)
2025-11-26 11:05:25 | INFO     | emotion_detector | Detected emotion: sad (confidence: 0.97)
2025-11-26 11:05:28 | INFO     | emotion_detector | Detected emotion: sad (confidence: 1.00)
2025-11-26 11:05:30 | INFO     | emotion_detector | Detected emotion: angry (confidence: 0.58)
2025-11-26 11:05:31 | INFO     | emotion_detector | Detected emotion: sad (confidence: 1.00)
2025-11-26 11:05:36 | WARNING  | emotion_detector | Failed to capture frame from camera
2025-11-26 11:05:37 | INFO     | emotion_detector | Detected emotion: sad (confidence: 0.96)
2025-11-26 11:05:38 | INFO     | emotion_detector | Detected emotion: sad (confidence: 0.98)
2025-11-26 11:05:42 | INFO     | emotion_detector | Detected emotion: sad (confidence: 0.78)
2025-11-26 11:05:44 | INFO     | emotion_detector | Detected emotion: sad (confidence: 0.85)
2025-11-26 11:05:45 | INFO     | emotion_detector | Detected emotion: sad (confidence: 0.93)
2025-11-26 11:05:48 | INFO     | emotion_detector | Detected emotion: sad (confidence: 0.99)
2025-11-26 11:05:50 | INFO     | emotion_detector | Detected emotion: sad (confidence: 0.96)
2025-11-26 11:05:53 | INFO     | emotion_detector | Detected emotion: neutral (confidence: 0.99)
2025-11-26 11:05:56 | INFO     | emotion_detector | Detected emotion: neutral (confidence: 0.99)
2025-11-26 11:05:57 | INFO     | emotion_detector | Detected emotion: neutral (confidence: 1.00)
2025-11-26 11:06:02 | WARNING  | emotion_detector | Failed to capture frame from camera
2025-11-26 11:06:03 | INFO     | emotion_detector | Detected emotion: neutral (confidence: 0.90)
2025-11-26 11:06:04 | INFO     | emotion_detector | Detected emotion: neutral (confidence: 0.99)
2025-11-26 11:06:09 | INFO     | emotion_detector | Detected emotion: happy (confidence: 0.99)
2025-11-26 11:06:47 | INFO     | emotion_detector | Background emotion monitoring started
2025-11-26 11:06:47 | INFO     | app | Background emotion monitor started
2025-11-26 11:06:47 | INFO     | conversation_memory | Database initialized successfully
2025-11-26 11:06:47 | INFO     | app | Database and audio directory initialized
2025-11-26 11:06:47 | INFO     | app | ROOMie Backend v3.0 starting...
2025-11-26 11:06:47 | INFO     | app | Server: http://127.0.0.1:5000
2025-11-26 11:06:47 | INFO     | app | WebSocket: ws://127.0.0.1:5000
2025-11-26 11:06:52 | INFO     | emotion_detector | Detected emotion: sad (confidence: 0.48)
2025-11-26 11:06:56 | INFO     | emotion_detector | Background emotion monitoring started
2025-11-26 11:06:56 | INFO     | app | Background emotion monitor started
2025-11-26 11:06:56 | INFO     | conversation_memory | Database initialized successfully
2025-11-26 11:06:56 | INFO     | app | Database and audio directory initialized
2025-11-26 11:06:56 | INFO     | app | ROOMie Backend v3.0 starting...
2025-11-26 11:06:56 | INFO     | app | Server: http://127.0.0.1:5000
2025-11-26 11:06:56 | INFO     | app | WebSocket: ws://127.0.0.1:5000
2025-11-26 11:06:58 | INFO     | emotion_detector | Detected emotion: neutral (confidence: 1.00)
2025-11-26 11:07:00 | INFO     | emotion_detector | Detected emotion: neutral (confidence: 0.70)
2025-11-26 11:07:04 | INFO     | emotion_detector | Detected emotion: sad (confidence: 0.62)
2025-11-26 11:07:07 | INFO     | emotion_detector | Detected emotion: neutral (confidence: 0.69)
2025-11-26 11:07:09 | INFO     | emotion_detector | Background emotion monitoring started
2025-11-26 11:07:12 | WARNING  | emotion_detector | Failed to capture frame from camera
2025-11-26 11:07:15 | WARNING  | emotion_detector | Failed to capture frame from camera
2025-11-26 11:07:16 | WARNING  | emotion_detector | Failed to capture frame from camera
2025-11-26 11:07:20 | WARNING  | emotion_detector | Failed to capture frame from camera
2025-11-26 11:07:23 | WARNING  | emotion_detector | Failed to capture frame from camera
2025-11-26 11:07:24 | WARNING  | emotion_detector | Failed to capture frame from camera
2025-11-26 11:07:27 | WARNING  | emotion_detector | Failed to capture frame from camera
2025-11-26 11:07:32 | INFO     | emotion_detector | Detected emotion: neutral (confidence: 0.98)
2025-11-26 11:07:36 | INFO     | emotion_detector | Detected emotion: sad (confidence: 0.67)
2025-11-26 11:07:37 | INFO     | emotion_detector | Detected emotion: angry (confidence: 0.89)
2025-11-26 11:07:40 | INFO     | emotion_detector | Bias correction: Switched from fear/sad to happy (happy score: 0.27)
2025-11-26 11:07:40 | INFO     | emotion_detector | Detected emotion: happy (confidence: 0.27)
2025-11-26 11:07:46 | INFO     | emotion_detector | Detected emotion: neutral (confidence: 0.99)
2025-11-26 11:07:48 | INFO     | emotion_detector | Detected emotion: neutral (confidence: 1.00)
2025-11-26 11:07:50 | INFO     | emotion_detector | Bias correction: Switched from fear/sad to neutral (neutral score: 0.46)
2025-11-26 11:07:50 | INFO     | emotion_detector | Detected emotion: neutral (confidence: 0.46)
2025-11-26 11:07:52 | INFO     | voice_tone | Voice tone analysis: neutral (confidence: 0.50)
2025-11-26 11:07:55 | INFO     | emotion_detector | Detected emotion: sad (confidence: 0.80)
2025-11-26 11:07:56 | INFO     | ai_core | AI response generated: known as Whiskers the Flying Cat. He became a belo...
2025-11-26 11:07:56 | INFO     | tts_output | Generating TTS with voice 'nova' for tone 'neutral' (speed: 1.0)
2025-11-26 11:08:00 | INFO     | emotion_detector | Detected emotion: sad (confidence: 0.90)
2025-11-26 11:08:01 | INFO     | emotion_detector | Detected emotion: sad (confidence: 0.78)
2025-11-26 11:08:03 | INFO     | tts_output | TTS audio saved: C:\Users\SHIVANSH\Desktop\ROOMie\backend\audio\tmp_c19a6kc.mp3
2025-11-26 11:08:03 | INFO     | app | ROOMie backend ready
2025-11-26 11:08:04 | INFO     | emotion_detector | Detected emotion: fear (confidence: 0.89)
2025-11-26 11:08:10 | INFO     | emotion_detector | Detected emotion: fear (confidence: 0.79)
2025-11-26 11:08:14 | INFO     | emotion_detector | Detected emotion: angry (confidence: 0.52)
2025-11-26 11:08:15 | INFO     | emotion_detector | Detected emotion: sad (confidence: 0.97)
2025-11-26 11:08:20 | INFO     | emotion_detector | Bias correction: Switched from fear/sad to neutral (neutral score: 0.39)
2025-11-26 11:08:20 | INFO     | emotion_detector | Detected emotion: neutral (confidence: 0.39)
2025-11-26 11:08:25 | INFO     | emotion_detector | Detected emotion: sad (confidence: 0.55)
2025-11-26 11:08:27 | INFO     | emotion_detector | Detected emotion: sad (confidence: 0.39)
2025-11-26 11:08:30 | INFO     | emotion_detector | Detected emotion: sad (confidence: 0.51)
2025-11-26 11:08:35 | INFO     | emotion_detector | Detected emotion: sad (confidence: 0.55)
2025-11-26 11:08:40 | INFO     | emotion_detector | Detected emotion: sad (confidence: 0.98)
2025-11-26 11:08:41 | WARNING  | emotion_detector | Failed to capture frame from camera
2025-11-26 11:08:44 | INFO     | emotion_detector | Detected emotion: sad (confidence: 0.99)
2025-11-26 11:08:50 | INFO     | emotion_detector | Detected emotion: sad (confidence: 0.98)
2025-11-26 11:08:52 | INFO     | emotion_detector | Detected emotion: sad (confidence: 0.99)
2025-11-26 11:08:54 | INFO     | emotion_detector | Detected emotion: sad (confidence: 0.98)
2025-11-26 11:08:59 | INFO     | emotion_detector | Detected emotion: happy (confidence: 0.79)
2025-11-26 11:09:03 | INFO     | emotion_detector | Detected emotion: neutral (confidence: 0.61)
2025-11-26 11:09:05 | INFO     | emotion_detector | Detected emotion: happy (confidence: 0.99)
2025-11-26 11:09:08 | INFO     | emotion_detector | Detected emotion: sad (confidence: 0.47)
2025-11-26 11:09:13 | INFO     | emotion_detector | Detected emotion: sad (confidence: 1.00)
2025-11-26 11:09:17 | INFO     | emotion_detector | Detected emotion: sad (confidence: 1.00)
2025-11-26 11:09:18 | INFO     | emotion_detector | Detected emotion: neutral (confidence: 0.98)
2025-11-26 11:09:19 | INFO     | emotion_detector | Detected emotion: angry (confidence: 1.00)
2025-11-26 11:09:24 | INFO     | emotion_detector | Detected emotion: angry (confidence: 1.00)
2025-11-26 11:09:25 | INFO     | emotion_detector | Detected emotion: angry (confidence: 1.00)
2025-11-26 11:09:26 | INFO     | emotion_detector | Detected emotion: angry (confidence: 1.00)
2025-11-26 11:09:30 | INFO     | emotion_detector | Detected emotion: angry (confidence: 1.00)
2025-11-26 11:09:32 | INFO     | emotion_detector | Detected emotion: angry (confidence: 1.00)
2025-11-26 11:09:33 | INFO     | emotion_detector | Detected emotion: angry (confidence: 0.99)
2025-11-26 11:09:36 | INFO     | emotion_detector | Detected emotion: happy (confidence: 0.68)
2025-11-26 11:09:38 | INFO     | emotion_detector | Detected emotion: happy (confidence: 0.83)
2025-11-26 11:09:41 | INFO     | emotion_detector | Detected emotion: angry (confidence: 1.00)
2025-11-26 11:09:42 | INFO     | emotion_detector | Detected emotion: angry (confidence: 1.00)
2025-11-26 11:09:44 | INFO     | emotion_detector | Detected emotion: angry (confidence: 1.00)
2025-11-26 11:09:49 | INFO     | emotion_detector | Detected emotion: angry (confidence: 1.00)
2025-11-26 11:09:50 | INFO     | emotion_detector | Detected emotion: angry (confidence: 1.00)
2025-11-26 11:09:50 | INFO     | emotion_detector | Detected emotion: angry (confidence: 1.00)
2025-11-26 11:09:55 | INFO     | emotion_detector | Detected emotion: angry (confidence: 1.00)
2025-11-26 11:09:56 | INFO     | emotion_detector | Detected emotion: angry (confidence: 1.00)
2025-11-26 11:09:58 | INFO     | emotion_detector | Detected emotion: angry (confidence: 1.00)
2025-11-26 11:10:01 | INFO     | emotion_detector | Detected emotion: angry (confidence: 1.00)
2025-11-26 11:10:02 | INFO     | emotion_detector | Detected emotion: angry (confidence: 1.00)
2025-11-26 11:10:06 | INFO     | emotion_detector | Detected emotion: angry (confidence: 1.00)
2025-11-26 11:10:07 | INFO     | emotion_detector | Detected emotion: angry (confidence: 1.00)
2025-11-26 11:10:09 | INFO     | emotion_detector | Detected emotion: angry (confidence: 1.00)
2025-11-26 11:10:14 | INFO     | emotion_detector | Detected emotion: angry (confidence: 1.00)
2025-11-26 11:10:14 | INFO     | emotion_detector | Detected emotion: angry (confidence: 1.00)
2025-11-26 11:10:15 | INFO     | emotion_detector | Detected emotion: angry (confidence: 1.00)
2025-11-26 11:10:20 | INFO     | emotion_detector | Detected emotion: angry (confidence: 1.00)
2025-11-26 11:10:21 | INFO     | emotion_detector | Detected emotion: angry (confidence: 1.00)
2025-11-26 11:10:22 | INFO     | emotion_detector | Detected emotion: angry (confidence: 1.00)
2025-11-26 11:10:26 | INFO     | emotion_detector | Detected emotion: angry (confidence: 1.00)
2025-11-26 11:10:27 | INFO     | emotion_detector | Detected emotion: angry (confidence: 1.00)
2025-11-26 11:10:31 | INFO     | emotion_detector | Detected emotion: neutral (confidence: 0.95)
2025-11-26 11:10:32 | INFO     | emotion_detector | Detected emotion: angry (confidence: 0.76)
2025-11-26 11:10:33 | INFO     | emotion_detector | Detected emotion: fear (confidence: 0.59)
2025-11-26 11:10:39 | WARNING  | emotion_detector | Failed to capture frame from camera
2025-11-26 11:10:39 | INFO     | emotion_detector | Detected emotion: neutral (confidence: 0.69)
2025-11-26 11:10:40 | INFO     | emotion_detector | Bias correction: Switched from fear/sad to neutral (neutral score: 0.36)
2025-11-26 11:10:40 | INFO     | emotion_detector | Detected emotion: neutral (confidence: 0.36)
2025-11-26 11:10:45 | WARNING  | emotion_detector | Failed to capture frame from camera
2025-11-26 11:10:46 | INFO     | emotion_detector | Detected emotion: happy (confidence: 0.99)
2025-11-26 11:10:48 | INFO     | emotion_detector | Detected emotion: neutral (confidence: 0.98)
2025-11-26 11:10:52 | INFO     | emotion_detector | Detected emotion: sad (confidence: 0.89)
2025-11-26 11:10:52 | INFO     | emotion_detector | Detected emotion: happy (confidence: 0.42)
2025-11-26 11:10:56 | INFO     | emotion_detector | Detected emotion: fear (confidence: 0.68)
2025-11-26 11:10:58 | INFO     | emotion_detector | Detected emotion: fear (confidence: 0.71)
2025-11-26 11:10:58 | INFO     | emotion_detector | Bias correction: Switched from fear/sad to happy (happy score: 0.29)
2025-11-26 11:10:58 | INFO     | emotion_detector | Detected emotion: happy (confidence: 0.29)
2025-11-26 11:11:05 | WARNING  | emotion_detector | Failed to capture frame from camera
2025-11-26 11:11:06 | INFO     | emotion_detector | Detected emotion: happy (confidence: 0.59)
2025-11-26 11:11:06 | INFO     | emotion_detector | Detected emotion: happy (confidence: 0.69)
2025-11-26 11:11:12 | WARNING  | emotion_detector | Failed to capture frame from camera
2025-11-26 11:11:12 | INFO     | emotion_detector | Detected emotion: sad (confidence: 0.99)
2025-11-26 11:11:14 | INFO     | emotion_detector | Detected emotion: angry (confidence: 0.73)
2025-11-26 11:11:18 | WARNING  | emotion_detector | Failed to capture frame from camera
2025-11-26 11:11:19 | INFO     | emotion_detector | Detected emotion: sad (confidence: 0.42)
2025-11-26 11:11:22 | INFO     | emotion_detector | Detected emotion: angry (confidence: 0.59)
2025-11-26 11:11:25 | INFO     | emotion_detector | Detected emotion: fear (confidence: 0.49)
2025-11-26 11:11:26 | INFO     | emotion_detector | Detected emotion: angry (confidence: 0.76)
2025-11-26 11:11:30 | INFO     | emotion_detector | Detected emotion: angry (confidence: 0.85)
2025-11-26 11:11:32 | INFO     | emotion_detector | Detected emotion: angry (confidence: 0.62)
2025-11-26 11:11:32 | INFO     | emotion_detector | Detected emotion: angry (confidence: 0.78)
2025-11-26 11:11:38 | WARNING  | emotion_detector | Failed to capture frame from camera
2025-11-26 11:11:39 | INFO     | emotion_detector | Detected emotion: fear (confidence: 0.55)
2025-11-26 11:11:39 | INFO     | emotion_detector | Detected emotion: fear (confidence: 0.89)
2025-11-26 11:11:44 | INFO     | emotion_detector | Detected emotion: neutral (confidence: 0.54)
2025-11-26 11:11:45 | INFO     | emotion_detector | Detected emotion: neutral (confidence: 0.57)
2025-11-26 11:11:47 | INFO     | emotion_detector | Detected emotion: neutral (confidence: 0.77)
2025-11-26 11:11:51 | INFO     | emotion_detector | Detected emotion: happy (confidence: 0.98)
2025-11-26 11:11:51 | INFO     | emotion_detector | Detected emotion: happy (confidence: 0.98)
2025-11-26 11:11:57 | INFO     | emotion_detector | Detected emotion: happy (confidence: 0.77)
2025-11-26 11:11:58 | INFO     | emotion_detector | Detected emotion: happy (confidence: 0.81)
2025-11-26 11:11:59 | INFO     | emotion_detector | Detected emotion: happy (confidence: 0.83)
2025-11-26 11:12:20 | INFO     | emotion_detector | Background emotion monitoring started
2025-11-26 11:12:20 | INFO     | app | Background emotion monitor started
2025-11-26 11:12:20 | INFO     | conversation_memory | Database initialized successfully
2025-11-26 11:12:20 | INFO     | app | Database and audio directory initialized
2025-11-26 11:12:20 | INFO     | app | ROOMie Backend v3.0 starting...
2025-11-26 11:12:20 | INFO     | app | Server: http://127.0.0.1:5000
2025-11-26 11:12:20 | INFO     | app | WebSocket: ws://127.0.0.1:5000
2025-11-26 11:12:25 | INFO     | emotion_detector | Detected emotion: happy (confidence: 0.97)
2025-11-26 11:12:33 | INFO     | emotion_detector | Detected emotion: happy (confidence: 0.95)
2025-11-26 11:12:40 | INFO     | emotion_detector | Background emotion monitoring started
2025-11-26 11:12:40 | INFO     | app | Background emotion monitor started
2025-11-26 11:12:40 | INFO     | conversation_memory | Database initialized successfully
2025-11-26 11:12:40 | INFO     | app | Database and audio directory initialized
2025-11-26 11:12:40 | INFO     | app | ROOMie Backend v3.0 starting...
2025-11-26 11:12:40 | INFO     | app | Server: http://127.0.0.1:5000
2025-11-26 11:12:40 | INFO     | app | WebSocket: ws://127.0.0.1:5000
2025-11-26 11:12:40 | INFO     | emotion_detector | Background emotion monitoring started
2025-11-26 11:12:42 | INFO     | emotion_detector | Detected emotion: happy (confidence: 0.96)
2025-11-26 11:12:45 | WARNING  | emotion_detector | Failed to capture frame from camera
2025-11-26 11:12:46 | WARNING  | emotion_detector | Failed to capture frame from camera
2025-11-26 11:12:50 | WARNING  | emotion_detector | Failed to capture frame from camera
2025-11-26 11:12:54 | WARNING  | emotion_detector | Failed to capture frame from camera
2025-11-26 11:12:54 | INFO     | voice_tone | Voice tone analysis: happy (confidence: 0.67)
2025-11-26 11:12:56 | WARNING  | emotion_detector | Failed to capture frame from camera
2025-11-26 11:12:56 | INFO     | ai_core | AI response generated: I’m so glad you enjoyed it! Whiskers sure had an a...
2025-11-26 11:12:56 | INFO     | tts_output | Generating TTS with voice 'nova' for tone 'happy' (speed: 1.1)
2025-11-26 11:12:59 | INFO     | emotion_detector | Detected emotion: happy (confidence: 0.91)
2025-11-26 11:13:00 | INFO     | tts_output | TTS audio saved: C:\Users\SHIVANSH\Desktop\ROOMie\backend\audio\tmpn8u0zobe.mp3
2025-11-26 11:13:00 | INFO     | app | ROOMie backend ready
2025-11-26 11:13:08 | INFO     | emotion_detector | Detected emotion: happy (confidence: 0.78)
2025-11-26 11:13:10 | INFO     | emotion_detector | Detected emotion: neutral (confidence: 0.88)
2025-11-26 11:13:12 | INFO     | emotion_detector | Detected emotion: happy (confidence: 0.76)
2025-11-26 11:13:18 | INFO     | emotion_detector | Detected emotion: happy (confidence: 0.95)
2025-11-26 11:13:21 | WARNING  | emotion_detector | Failed to capture frame from camera
2025-11-26 11:13:21 | INFO     | emotion_detector | Detected emotion: happy (confidence: 0.96)
2025-11-26 11:13:27 | INFO     | emotion_detector | Detected emotion: happy (confidence: 0.92)
2025-11-26 11:13:30 | INFO     | emotion_detector | Detected emotion: angry (confidence: 0.70)
2025-11-26 11:13:33 | INFO     | emotion_detector | Detected emotion: sad (confidence: 0.59)
2025-11-26 11:13:37 | INFO     | emotion_detector | Detected emotion: sad (confidence: 0.64)
2025-11-26 11:13:39 | INFO     | emotion_detector | Detected emotion: sad (confidence: 0.59)
2025-11-26 11:13:42 | INFO     | emotion_detector | Detected emotion: neutral (confidence: 0.56)
2025-11-26 11:13:43 | INFO     | emotion_detector | Detected emotion: sad (confidence: 0.86)
2025-11-26 11:13:46 | INFO     | emotion_detector | Detected emotion: angry (confidence: 0.98)
2025-11-26 11:13:49 | INFO     | emotion_detector | Detected emotion: angry (confidence: 0.92)
2025-11-26 11:13:50 | INFO     | emotion_detector | Detected emotion: angry (confidence: 0.84)
2025-11-26 11:13:52 | INFO     | emotion_detector | Detected emotion: angry (confidence: 0.93)
2025-11-26 11:13:55 | INFO     | emotion_detector | Detected emotion: angry (confidence: 0.91)
2025-11-26 11:13:58 | INFO     | emotion_detector | Detected emotion: angry (confidence: 0.57)
2025-11-26 11:13:59 | INFO     | emotion_detector | Detected emotion: happy (confidence: 0.83)
2025-11-26 11:14:01 | INFO     | emotion_detector | Detected emotion: happy (confidence: 0.87)
2025-11-26 11:14:05 | INFO     | emotion_detector | Detected emotion: neutral (confidence: 0.96)
2025-11-26 11:14:07 | INFO     | emotion_detector | Detected emotion: happy (confidence: 0.95)
2025-11-26 11:14:07 | INFO     | emotion_detector | Detected emotion: neutral (confidence: 0.97)
2025-11-26 11:14:11 | INFO     | emotion_detector | Detected emotion: fear (confidence: 0.85)
2025-11-26 11:14:14 | INFO     | emotion_detector | Detected emotion: neutral (confidence: 0.66)
2025-11-26 11:14:15 | INFO     | emotion_detector | Detected emotion: neutral (confidence: 0.86)
2025-11-26 11:14:17 | INFO     | emotion_detector | Detected emotion: angry (confidence: 0.95)
2025-11-26 11:14:20 | INFO     | emotion_detector | Bias correction: Switched from fear/sad to happy (happy score: 0.42)
2025-11-26 11:14:20 | INFO     | emotion_detector | Detected emotion: happy (confidence: 0.42)
2025-11-26 11:14:23 | INFO     | emotion_detector | Detected emotion: sad (confidence: 0.98)
2025-11-26 11:14:23 | INFO     | emotion_detector | Detected emotion: sad (confidence: 0.91)
2025-11-26 11:14:26 | INFO     | emotion_detector | Detected emotion: neutral (confidence: 0.92)
2025-11-26 11:14:29 | INFO     | emotion_detector | Detected emotion: neutral (confidence: 0.90)
2025-11-26 11:14:32 | WARNING  | emotion_detector | Failed to capture frame from camera
2025-11-26 11:14:32 | INFO     | emotion_detector | Detected emotion: sad (confidence: 0.84)
2025-11-26 11:14:35 | INFO     | emotion_detector | Detected emotion: neutral (confidence: 0.97)
2025-11-26 11:14:38 | INFO     | emotion_detector | Detected emotion: sad (confidence: 0.45)
2025-11-26 11:14:40 | INFO     | emotion_detector | Detected emotion: sad (confidence: 0.68)
2025-11-26 11:14:41 | INFO     | emotion_detector | Detected emotion: sad (confidence: 0.76)
2025-11-26 11:14:44 | INFO     | emotion_detector | Detected emotion: neutral (confidence: 0.60)
2025-11-26 11:14:47 | INFO     | emotion_detector | Detected emotion: sad (confidence: 0.71)
2025-11-26 11:14:48 | INFO     | emotion_detector | Detected emotion: sad (confidence: 0.73)
2025-11-26 11:14:50 | INFO     | emotion_detector | Detected emotion: neutral (confidence: 0.88)
2025-11-26 11:14:54 | INFO     | emotion_detector | Detected emotion: neutral (confidence: 0.55)
2025-11-26 11:14:58 | INFO     | emotion_detector | Detected emotion: neutral (confidence: 0.99)
2025-11-26 11:14:58 | INFO     | emotion_detector | Detected emotion: neutral (confidence: 0.94)
2025-11-26 11:15:00 | INFO     | emotion_detector | Detected emotion: neutral (confidence: 1.00)
2025-11-26 11:15:05 | INFO     | emotion_detector | Detected emotion: happy (confidence: 0.79)
2025-11-26 11:15:07 | INFO     | emotion_detector | Detected emotion: neutral (confidence: 0.48)
2025-11-26 11:15:07 | INFO     | emotion_detector | Detected emotion: neutral (confidence: 0.87)
2025-11-26 11:15:11 | INFO     | emotion_detector | Detected emotion: neutral (confidence: 0.91)
2025-11-26 11:15:13 | INFO     | emotion_detector | Detected emotion: neutral (confidence: 0.98)
2025-11-26 11:15:14 | INFO     | emotion_detector | Detected emotion: neutral (confidence: 0.99)
2025-11-26 11:15:18 | INFO     | emotion_detector | Detected emotion: fear (confidence: 0.56)
2025-11-26 11:15:19 | INFO     | emotion_detector | Detected emotion: happy (confidence: 0.94)
2025-11-26 11:15:23 | INFO     | emotion_detector | Detected emotion: neutral (confidence: 0.86)
2025-11-26 11:15:24 | INFO     | emotion_detector | Detected emotion: neutral (confidence: 0.88)
2025-11-26 11:15:25 | INFO     | emotion_detector | Detected emotion: happy (confidence: 0.66)
2025-11-26 11:15:31 | INFO     | emotion_detector | Detected emotion: surprise (confidence: 0.34)
2025-11-26 11:15:32 | INFO     | emotion_detector | Detected emotion: surprise (confidence: 0.96)
2025-11-26 11:15:32 | INFO     | emotion_detector | Detected emotion: neutral (confidence: 0.86)
2025-11-26 11:15:37 | INFO     | emotion_detector | Detected emotion: neutral (confidence: 0.86)
2025-11-26 11:15:38 | INFO     | emotion_detector | Detected emotion: happy (confidence: 0.78)
2025-11-26 11:15:40 | INFO     | emotion_detector | Detected emotion: neutral (confidence: 0.95)
2025-11-26 11:15:44 | INFO     | emotion_detector | Detected emotion: neutral (confidence: 1.00)
2025-11-26 11:15:45 | WARNING  | emotion_detector | Failed to capture frame from camera
2025-11-26 11:15:48 | WARNING  | emotion_detector | Failed to capture frame from camera
2025-11-26 11:15:51 | INFO     | emotion_detector | Detected emotion: happy (confidence: 1.00)
2025-11-26 11:15:53 | INFO     | emotion_detector | Detected emotion: happy (confidence: 0.99)
2025-11-26 11:15:57 | INFO     | emotion_detector | Detected emotion: happy (confidence: 1.00)
2025-11-26 11:15:59 | INFO     | emotion_detector | Detected emotion: happy (confidence: 0.99)
2025-11-26 11:16:00 | INFO     | emotion_detector | Detected emotion: happy (confidence: 0.90)
2025-11-26 11:16:07 | WARNING  | emotion_detector | Failed to capture frame from camera
2025-11-26 11:16:08 | INFO     | emotion_detector | Detected emotion: happy (confidence: 1.00)
2025-11-26 11:16:08 | WARNING  | emotion_detector | Failed to capture frame from camera
2025-11-26 11:16:15 | INFO     | emotion_detector | Detected emotion: happy (confidence: 0.98)
2025-11-26 11:16:15 | WARNING  | emotion_detector | Failed to capture frame from camera
2025-11-26 11:16:17 | WARNING  | emotion_detector | Failed to capture frame from camera
2025-11-26 11:16:21 | WARNING  | emotion_detector | Failed to capture frame from camera
2025-11-26 11:16:22 | WARNING  | emotion_detector | Failed to capture frame from camera
2025-11-26 11:16:24 | WARNING  | emotion_detector | Failed to capture frame from camera
2025-11-26 11:16:27 | WARNING  | emotion_detector | Failed to capture frame from camera
2025-11-26 11:16:27 | WARNING  | emotion_detector | Failed to capture frame from camera
2025-11-26 11:16:33 | WARNING  | emotion_detector | Failed to capture frame from camera
2025-11-26 11:16:33 | WARNING  | emotion_detector | Failed to capture frame from camera
2025-11-26 11:16:33 | WARNING  | emotion_detector | Failed to capture frame from camera
2025-11-26 11:16:38 | WARNING  | emotion_detector | Failed to capture frame from camera
2025-11-26 11:16:39 | WARNING  | emotion_detector | Failed to capture frame from camera
2025-11-26 11:16:40 | WARNING  | emotion_detector | Failed to capture frame from camera
2025-11-26 11:16:44 | INFO     | emotion_detector | Detected emotion: neutral (confidence: 0.75)
2025-11-26 11:16:45 | INFO     | emotion_detector | Bias correction: Switched from fear/sad to neutral (neutral score: 0.29)
2025-11-26 11:16:45 | INFO     | emotion_detector | Detected emotion: neutral (confidence: 0.29)
2025-11-26 11:16:48 | INFO     | emotion_detector | Detected emotion: sad (confidence: 0.54)
2025-11-26 11:16:50 | WARNING  | emotion_detector | Failed to capture frame from camera
2025-11-26 11:16:51 | INFO     | emotion_detector | Detected emotion: angry (confidence: 0.56)
2025-11-26 11:16:57 | INFO     | emotion_detector | Detected emotion: sad (confidence: 1.00)
2025-11-26 11:16:57 | INFO     | emotion_detector | Detected emotion: sad (confidence: 1.00)
2025-11-26 11:16:58 | INFO     | emotion_detector | Detected emotion: sad (confidence: 1.00)
2025-11-26 11:17:04 | INFO     | emotion_detector | Detected emotion: happy (confidence: 0.96)
2025-11-26 11:17:04 | INFO     | emotion_detector | Detected emotion: happy (confidence: 0.99)
2025-11-26 11:17:05 | INFO     | emotion_detector | Detected emotion: sad (confidence: 0.88)
2025-11-26 11:17:10 | WARNING  | emotion_detector | Failed to capture frame from camera
2025-11-26 11:17:10 | INFO     | emotion_detector | Detected emotion: happy (confidence: 0.99)
2025-11-26 11:17:13 | INFO     | emotion_detector | Detected emotion: happy (confidence: 0.99)
2025-11-26 11:17:16 | WARNING  | emotion_detector | Failed to capture frame from camera
2025-11-26 11:17:16 | INFO     | emotion_detector | Detected emotion: happy (confidence: 1.00)
2025-11-26 11:17:24 | WARNING  | emotion_detector | Failed to capture frame from camera
2025-11-26 11:17:24 | INFO     | emotion_detector | Bias correction: Switched from fear/sad to neutral (neutral score: 0.38)
2025-11-26 11:17:24 | INFO     | emotion_detector | Detected emotion: neutral (confidence: 0.38)
2025-11-26 11:17:25 | INFO     | emotion_detector | Detected emotion: neutral (confidence: 0.79)
2025-11-26 11:17:32 | INFO     | emotion_detector | Detected emotion: neutral (confidence: 0.60)
2025-11-26 11:17:34 | INFO     | emotion_detector | Detected emotion: neutral (confidence: 0.42)
2025-11-26 11:17:35 | INFO     | emotion_detector | Detected emotion: neutral (confidence: 1.00)
2025-11-26 11:17:40 | INFO     | emotion_detector | Detected emotion: neutral (confidence: 0.91)
2025-11-26 11:17:40 | INFO     | emotion_detector | Detected emotion: neutral (confidence: 1.00)
2025-11-26 11:17:42 | INFO     | emotion_detector | Detected emotion: angry (confidence: 0.97)
2025-11-26 11:17:46 | INFO     | emotion_detector | Detected emotion: angry (confidence: 0.97)
2025-11-26 11:17:46 | INFO     | emotion_detector | Detected emotion: angry (confidence: 0.98)
2025-11-26 11:17:51 | INFO     | emotion_detector | Detected emotion: happy (confidence: 0.97)
2025-11-26 11:17:52 | INFO     | emotion_detector | Detected emotion: happy (confidence: 0.59)
2025-11-26 11:17:52 | INFO     | emotion_detector | Detected emotion: sad (confidence: 0.52)
2025-11-26 11:17:58 | INFO     | emotion_detector | Detected emotion: angry (confidence: 0.75)
2025-11-26 11:17:59 | INFO     | emotion_detector | Detected emotion: neutral (confidence: 1.00)
2025-11-26 11:17:59 | INFO     | emotion_detector | Detected emotion: happy (confidence: 0.86)
2025-11-26 11:18:05 | INFO     | emotion_detector | Detected emotion: sad (confidence: 1.00)
2025-11-26 11:18:05 | INFO     | emotion_detector | Detected emotion: sad (confidence: 0.97)
2025-11-26 11:18:07 | INFO     | emotion_detector | Detected emotion: sad (confidence: 0.98)
2025-11-26 11:18:11 | INFO     | emotion_detector | Detected emotion: sad (confidence: 1.00)
2025-11-26 11:18:11 | INFO     | emotion_detector | Detected emotion: sad (confidence: 0.91)
2025-11-26 11:18:16 | INFO     | emotion_detector | Detected emotion: happy (confidence: 0.76)
2025-11-26 11:18:17 | INFO     | emotion_detector | Detected emotion: happy (confidence: 0.73)
2025-11-26 11:18:18 | INFO     | emotion_detector | Detected emotion: happy (confidence: 0.78)
2025-11-26 11:18:24 | WARNING  | emotion_detector | Failed to capture frame from camera
2025-11-26 11:18:24 | INFO     | emotion_detector | Detected emotion: happy (confidence: 0.53)
2025-11-26 11:18:24 | INFO     | emotion_detector | Detected emotion: angry (confidence: 0.53)
2025-11-26 11:18:30 | WARNING  | emotion_detector | Failed to capture frame from camera
2025-11-26 11:18:30 | INFO     | emotion_detector | Detected emotion: happy (confidence: 0.68)
2025-11-26 11:18:32 | INFO     | emotion_detector | Detected emotion: happy (confidence: 0.53)
2025-11-26 11:18:36 | INFO     | emotion_detector | Detected emotion: angry (confidence: 0.59)
2025-11-26 11:18:37 | INFO     | emotion_detector | Detected emotion: angry (confidence: 0.68)
2025-11-26 11:18:41 | INFO     | emotion_detector | Detected emotion: sad (confidence: 0.72)
2025-11-26 11:18:43 | INFO     | emotion_detector | Detected emotion: sad (confidence: 0.51)
2025-11-26 11:18:43 | INFO     | emotion_detector | Detected emotion: angry (confidence: 0.47)
2025-11-26 11:18:49 | WARNING  | emotion_detector | Failed to capture frame from camera
2025-11-26 11:18:50 | INFO     | emotion_detector | Detected emotion: sad (confidence: 0.57)
2025-11-26 11:18:50 | INFO     | emotion_detector | Detected emotion: sad (confidence: 0.65)
2025-11-26 11:19:00 | WARNING  | emotion_detector | Failed to capture frame from camera
2025-11-26 11:19:01 | INFO     | emotion_detector | Detected emotion: sad (confidence: 0.90)
2025-11-26 11:19:02 | INFO     | emotion_detector | Detected emotion: happy (confidence: 0.50)
2025-11-26 11:19:10 | INFO     | emotion_detector | Detected emotion: happy (confidence: 0.80)
2025-11-26 11:19:11 | INFO     | emotion_detector | Detected emotion: happy (confidence: 0.98)
2025-11-26 11:19:14 | INFO     | emotion_detector | Detected emotion: sad (confidence: 0.99)
2025-11-26 11:19:19 | WARNING  | emotion_detector | Failed to capture frame from camera
2025-11-26 11:19:20 | INFO     | emotion_detector | Detected emotion: sad (confidence: 0.56)
2025-11-26 11:19:25 | INFO     | emotion_detector | Detected emotion: fear (confidence: 0.42)
2025-11-26 11:19:29 | INFO     | emotion_detector | Detected emotion: angry (confidence: 0.83)
2025-11-26 11:19:29 | INFO     | emotion_detector | Detected emotion: fear (confidence: 0.38)
2025-11-26 11:19:37 | INFO     | emotion_detector | Detected emotion: happy (confidence: 0.91)
2025-11-26 11:19:40 | INFO     | emotion_detector | Detected emotion: neutral (confidence: 0.82)
2025-11-26 11:19:41 | INFO     | emotion_detector | Detected emotion: angry (confidence: 0.67)
2025-11-26 11:19:50 | WARNING  | emotion_detector | Failed to capture frame from camera
2025-11-26 11:19:51 | INFO     | emotion_detector | Detected emotion: sad (confidence: 0.95)
2025-11-26 11:19:51 | INFO     | emotion_detector | Detected emotion: sad (confidence: 0.75)
2025-11-26 11:20:01 | INFO     | emotion_detector | Detected emotion: fear (confidence: 0.97)
2025-11-26 11:20:02 | INFO     | emotion_detector | Detected emotion: fear (confidence: 0.79)
2025-11-26 11:20:03 | INFO     | emotion_detector | Detected emotion: neutral (confidence: 0.92)
2025-11-26 11:20:11 | INFO     | emotion_detector | Detected emotion: sad (confidence: 0.66)
2025-11-26 11:20:11 | INFO     | emotion_detector | Detected emotion: neutral (confidence: 0.83)
2025-11-26 11:20:14 | INFO     | emotion_detector | Detected emotion: sad (confidence: 0.71)
2025-11-26 11:20:20 | INFO     | emotion_detector | Detected emotion: sad (confidence: 0.90)
2025-11-26 11:20:20 | INFO     | emotion_detector | Detected emotion: sad (confidence: 0.96)
2025-11-26 11:20:26 | INFO     | emotion_detector | Detected emotion: happy (confidence: 1.00)
2025-11-26 11:20:30 | INFO     | emotion_detector | Detected emotion: happy (confidence: 0.99)
2025-11-26 11:20:31 | INFO     | emotion_detector | Detected emotion: happy (confidence: 0.45)
2025-11-26 11:20:39 | INFO     | emotion_detector | Detected emotion: neutral (confidence: 1.00)
2025-11-26 11:20:41 | INFO     | emotion_detector | Detected emotion: happy (confidence: 0.84)
2025-11-26 11:20:42 | INFO     | emotion_detector | Detected emotion: sad (confidence: 0.68)
2025-11-26 11:20:52 | WARNING  | emotion_detector | Failed to capture frame from camera
2025-11-26 11:20:52 | WARNING  | emotion_detector | Failed to capture frame from camera
2025-11-26 11:20:52 | INFO     | emotion_detector | Detected emotion: happy (confidence: 0.70)
2025-11-26 11:21:03 | INFO     | emotion_detector | Detected emotion: neutral (confidence: 0.98)
2025-11-26 11:21:04 | INFO     | emotion_detector | Detected emotion: angry (confidence: 0.57)
2025-11-26 11:21:05 | INFO     | emotion_detector | Detected emotion: happy (confidence: 0.87)
2025-11-26 11:21:13 | INFO     | emotion_detector | Detected emotion: happy (confidence: 0.88)
2025-11-26 11:21:14 | INFO     | emotion_detector | Detected emotion: happy (confidence: 0.77)
2025-11-26 11:21:17 | INFO     | emotion_detector | Detected emotion: neutral (confidence: 0.58)
2025-11-26 11:21:22 | INFO     | emotion_detector | Detected emotion: happy (confidence: 0.96)
2025-11-26 11:21:24 | INFO     | emotion_detector | Detected emotion: happy (confidence: 0.93)
2025-11-26 11:21:28 | INFO     | emotion_detector | Detected emotion: neutral (confidence: 0.89)
2025-11-26 11:21:32 | INFO     | emotion_detector | Detected emotion: neutral (confidence: 1.00)
2025-11-26 11:21:33 | INFO     | emotion_detector | Detected emotion: neutral (confidence: 0.53)
2025-11-26 11:21:41 | INFO     | emotion_detector | Detected emotion: neutral (confidence: 0.98)
2025-11-26 11:21:43 | INFO     | emotion_detector | Detected emotion: sad (confidence: 0.47)
2025-11-26 11:21:44 | INFO     | emotion_detector | Detected emotion: angry (confidence: 0.51)
2025-11-26 11:21:55 | INFO     | emotion_detector | Detected emotion: angry (confidence: 0.63)
2025-11-26 11:21:55 | INFO     | emotion_detector | Detected emotion: neutral (confidence: 0.98)
2025-11-26 11:21:56 | INFO     | emotion_detector | Detected emotion: neutral (confidence: 0.64)
2025-11-26 11:22:06 | INFO     | emotion_detector | Detected emotion: neutral (confidence: 0.63)
2025-11-26 11:22:07 | INFO     | emotion_detector | Detected emotion: happy (confidence: 0.97)
2025-11-26 11:22:08 | INFO     | emotion_detector | Detected emotion: angry (confidence: 0.44)
2025-11-26 11:22:16 | INFO     | emotion_detector | Detected emotion: happy (confidence: 0.99)
2025-11-26 11:22:17 | INFO     | emotion_detector | Detected emotion: happy (confidence: 0.98)
2025-11-26 11:22:20 | INFO     | emotion_detector | Detected emotion: happy (confidence: 0.99)
2025-11-26 11:22:25 | INFO     | emotion_detector | Detected emotion: neutral (confidence: 0.77)
2025-11-26 11:22:26 | INFO     | emotion_detector | Detected emotion: happy (confidence: 0.90)
2025-11-26 11:22:31 | INFO     | emotion_detector | Detected emotion: happy (confidence: 1.00)
2025-11-26 11:22:34 | INFO     | emotion_detector | Detected emotion: happy (confidence: 1.00)
2025-11-26 11:22:35 | INFO     | emotion_detector | Detected emotion: neutral (confidence: 0.76)
2025-11-26 11:22:43 | INFO     | emotion_detector | Bias correction: Switched from fear/sad to happy (happy score: 0.36)
2025-11-26 11:22:43 | INFO     | emotion_detector | Detected emotion: happy (confidence: 0.36)
2025-11-26 11:22:44 | INFO     | emotion_detector | Detected emotion: happy (confidence: 1.00)
2025-11-26 11:22:45 | INFO     | emotion_detector | Detected emotion: sad (confidence: 0.86)
2025-11-26 11:22:55 | INFO     | emotion_detector | Detected emotion: sad (confidence: 0.52)
2025-11-26 11:22:56 | WARNING  | emotion_detector | Failed to capture frame from camera
2025-11-26 11:22:56 | INFO     | emotion_detector | Detected emotion: neutral (confidence: 0.53)
2025-11-26 11:23:06 | INFO     | emotion_detector | Detected emotion: happy (confidence: 1.00)
2025-11-26 11:23:08 | INFO     | emotion_detector | Detected emotion: neutral (confidence: 0.83)
2025-11-26 11:23:09 | INFO     | emotion_detector | Detected emotion: neutral (confidence: 0.99)
2025-11-26 11:23:14 | INFO     | emotion_detector | Detected emotion: happy (confidence: 0.52)
